{
  "total": 5,
  "page": 1,
  "limit": 10,
  "customers": [
    {
      "id": 1,
      "name": "John Doe 1",
      "email": "john.doe.1@email.com",
      "cpf": "123.456.789-00",
      "created_at": "2025-02-28T16:28:18Z",
      "updated_at": "2025-02-28T16:28:18Z"
    },
    {
      "id": 2,
      "name": "John Doe 2",
      "email": "john.doe.2@email.com",
      "cpf": "987.654.321-00",
      "created_at": "2025-02-28T16:28:18Z",
      "updated_at": "2025-02-28T16:28:18Z"
    },
    {
      "id": 3,
      "name": "John Doe 3",
      "email": "john.doe.3@email.com",
      "cpf": "456.789.123-00",
      "created_at": "2025-02-28T16:28:18Z",
      "updated_at": "2025-02-28T16:28:18Z"
    },
    {
      "id": 4,
      "name": "John Doe 4",
      "email": "john.doe.4@email.com",
      "cpf": "789.123.456-00",
      "created_at": "2025-02-28T16:28:18Z",
      "updated_at": "2025-02-28T16:28:18Z"
    },
    {
      "id": 5,
      "name": "John Doe 5",
      "email": "john.doe.5@email.com",
      "cpf": "321.654.987-00",
      "created_at": "2025-02-28T16:28:18Z",
      "updated_at": "2025-02-28T16:28:18Z"
    }
  ]
}
