{
  "total": 18,
  "page": 1,
  "limit": 10,
  "order_products": [
    {
      "order_id": 1,
      "product_id": 1,
      "quantity": 1,
      "order": {
        "id": 1,
        "customer_id": 1,
        "status": "OPEN",
        "created_at": "2025-02-28T16:28:18Z",
        "updated_at": "2025-02-28T16:28:18Z"
      },
      "product": {
        "id": 1,
        "name": "Product X UPDATED",
        "description": "Product X description UPDATED",
        "price": 12.11,
        "category_id": 1,
        "created_at": "2025-02-28T16:28:18Z",
        "updated_at": "2025-03-06T18:10:28Z"
      },
      "created_at": "2025-02-28T16:28:18Z",
      "updated_at": "2025-02-28T16:28:18Z"
    },
    {
      "order_id": 1,
      "product_id": 2,
      "quantity": 1,
      "order": {
        "id": 1,
        "customer_id": 1,
        "status": "OPEN",
        "created_at": "2025-02-28T16:28:18Z",
        "updated_at": "2025-02-28T16:28:18Z"
      },
      "product": {
        "id": 2,
        "name": "Coca-Cola 350ml",
        "description": "Refrigerante Coca-Cola lata",
        "price": 6.9,
        "category_id": 2,
        "created_at": "2025-02-28T16:28:18Z",
        "updated_at": "2025-02-28T16:28:18Z"
      },
      "created_at": "2025-02-28T16:28:18Z",
      "updated_at": "2025-02-28T16:28:18Z"
    },
    {
      "order_id": 2,
      "product_id": 5,
      "quantity": 1,
      "order": {
        "id": 2,
        "customer_id": 2,
        "status": "PENDING",
        "created_at": "2025-02-28T16:28:18Z",
        "updated_at": "2025-02-28T16:28:18Z"
      },
      "product": {
        "id": 5,
        "name": "Combo Big",
        "description": "X-Burger + Batata + Refrigerante",
        "price": 42.9,
        "category_id": 5,
        "created_at": "2025-02-28T16:28:18Z",
        "updated_at": "2025-02-28T16:28:18Z"
      },
      "created_at": "2025-02-28T16:28:18Z",
      "updated_at": "2025-02-28T16:28:18Z"
    },
    {
      "order_id": 3,
      "product_id": 1,
      "quantity": 1,
      "order": {
        "id": 3,
        "customer_id": 3,
        "status": "CANCELLED",
        "created_at": "2021-10-01T10:00:00Z",
        "updated_at": "2025-02-28T16:28:18Z"
      },
      "product": {
        "id": 1,
        "name": "Product X UPDATED",
        "description": "Product X description UPDATED",
        "price": 12.11,
        "category_id": 1,
        "created_at": "2025-02-28T16:28:18Z",
        "updated_at": "2025-03-06T18:10:28Z"
      },
      "created_at": "2025-02-28T16:28:18Z",
      "updated_at": "2025-02-28T16:28:18Z"
    },
    {
      "order_id": 4,
      "product_id": 1,
      "quantity": 1,
      "order": {
        "id": 4,
        "customer_id": 4,
        "status": "RECEIVED",
        "created_at": "2021-10-01T10:00:00Z",
        "updated_at": "2025-02-28T16:28:18Z"
      },
      "product": {
        "id": 1,
        "name": "Product X UPDATED",
        "description": "Product X description UPDATED",
        "price": 12.11,
        "category_id": 1,
        "created_at": "2025-02-28T16:28:18Z",
        "updated_at": "2025-03-06T18:10:28Z"
      },
      "created_at": "2025-02-28T16:28:18Z",
      "updated_at": "2025-02-28T16:28:18Z"
    },
    {
      "order_id": 4,
      "product_id": 2,
      "quantity": 1,
      "order": {
        "id": 4,
        "customer_id": 4,
        "status": "RECEIVED",
        "created_at": "2021-10-01T10:00:00Z",
        "updated_at": "2025-02-28T16:28:18Z"
      },
      "product": {
        "id": 2,
        "name": "Coca-Cola 350ml",
        "description": "Refrigerante Coca-Cola lata",
        "price": 6.9,
        "category_id": 2,
        "created_at": "2025-02-28T16:28:18Z",
        "updated_at": "2025-02-28T16:28:18Z"
      },
      "created_at": "2025-02-28T16:28:18Z",
      "updated_at": "2025-02-28T16:28:18Z"
    },
    {
      "order_id": 4,
      "product_id": 3,
      "quantity": 1,
      "order": {
        "id": 4,
        "customer_id": 4,
        "status": "RECEIVED",
        "created_at": "2021-10-01T10:00:00Z",
        "updated_at": "2025-02-28T16:28:18Z"
      },
      "product": {
        "id": 3,
        "name": "Sundae",
        "description": "Sorvete com calda de chocolate",
        "price": 12.9,
        "category_id": 3,
        "created_at": "2025-02-28T16:28:18Z",
        "updated_at": "2025-02-28T16:28:18Z"
      },
      "created_at": "2025-02-28T16:28:18Z",
      "updated_at": "2025-02-28T16:28:18Z"
    },
    {
      "order_id": 4,
      "product_id": 4,
      "quantity": 1,
      "order": {
        "id": 4,
        "customer_id": 4,
        "status": "RECEIVED",
        "created_at": "2021-10-01T10:00:00Z",
        "updated_at": "2025-02-28T16:28:18Z"
      },
      "product": {
        "id": 4,
        "name": "Batata Frita",
        "description": "Porção de batata frita crocante",
        "price": 15.9,
        "category_id": 4,
        "created_at": "2025-02-28T16:28:18Z",
        "updated_at": "2025-02-28T16:28:18Z"
      },
      "created_at": "2025-02-28T16:28:18Z",
      "updated_at": "2025-02-28T16:28:18Z"
    },
    {
      "order_id": 5,
      "product_id": 2,
      "quantity": 2,
      "order": {
        "id": 5,
        "customer_id": 5,
        "status": "PREPARING",
        "created_at": "2021-10-01T10:00:00Z",
        "updated_at": "2025-02-28T16:28:18Z"
      },
      "product": {
        "id": 2,
        "name": "Coca-Cola 350ml",
        "description": "Refrigerante Coca-Cola lata",
        "price": 6.9,
        "category_id": 2,
        "created_at": "2025-02-28T16:28:18Z",
        "updated_at": "2025-02-28T16:28:18Z"
      },
      "created_at": "2025-02-28T16:28:18Z",
      "updated_at": "2025-02-28T16:28:18Z"
    },
    {
      "order_id": 5,
      "product_id": 3,
      "quantity": 1,
      "order": {
        "id": 5,
        "customer_id": 5,
        "status": "PREPARING",
        "created_at": "2021-10-01T10:00:00Z",
        "updated_at": "2025-02-28T16:28:18Z"
      },
      "product": {
        "id": 3,
        "name": "Sundae",
        "description": "Sorvete com calda de chocolate",
        "price": 12.9,
        "category_id": 3,
        "created_at": "2025-02-28T16:28:18Z",
        "updated_at": "2025-02-28T16:28:18Z"
      },
      "created_at": "2025-02-28T16:28:18Z",
      "updated_at": "2025-02-28T16:28:18Z"
    }
  ]
}
